
> m-adp-client@0.1.0 dev /Users/zerone001/Desktop/PROJECTS/M-ADP-CLIENT
> next dev

node:internal/modules/package_json_reader:110
  const parsed = modulesBinding.readPackageJSON(
                                ^

Error: Invalid package config /Users/zerone001/Desktop/PROJECTS/M-ADP-CLIENT/node_modules/.pnpm/next@16.0.7_@babel+core@7.28.5_babel-plugin-react-compiler@1.0.0_react-dom@19.2.0_react@19.2.0__react@19.2.0/node_modules/next/dist/compiled/commander/package.json.
    at Object.read (node:internal/modules/package_json_reader:110:33)
    at _readPackage (node:internal/modules/cjs/loader:470:55)
    at tryPackage (node:internal/modules/cjs/loader:490:36)
    at Module._findPath (node:internal/modules/cjs/loader:764:18)
    at Module.<anonymous> (node:internal/modules/cjs/loader:1355:27)
    at /Users/zerone001/Desktop/PROJECTS/M-ADP-CLIENT/node_modules/.pnpm/next@16.0.7_@babel+core@7.28.5_babel-plugin-react-compiler@1.0.0_react-dom@19.2.0_react@19.2.0__react@19.2.0/node_modules/next/dist/server/require-hook.js:57:36
    at defaultResolveImpl (node:internal/modules/cjs/loader:1025:19)
    at resolveForCJSWithHooks (node:internal/modules/cjs/loader:1030:22)
    at Module._load (node:internal/modules/cjs/loader:1179:37)
    at TracingChannel.traceSync (node:diagnostics_channel:322:14) {
  code: 'ERR_INVALID_PACKAGE_CONFIG'
}

Node.js v24.3.0
 ELIFECYCLE  Command failed with exit code 1.

> m-adp-client@0.1.0 dev /Users/zerone001/Desktop/PROJECTS/M-ADP-CLIENT
> next dev

 ⚠ Port 3000 is in use by process 20701, using available port 3001 instead.
[baseline-browser-mapping] The data in this module is over two months old.  To ensure accurate Baseline data, please update: `npm i baseline-browser-mapping@latest -D`
   ▲ Next.js 16.0.7 (Turbopack)
   - Local:         http://localhost:3001
   - Network:       http://192.168.219.165:3001

 ✓ Starting...
 ✓ Ready in 3.9s
[baseline-browser-mapping] The data in this module is over two months old.  To ensure accurate Baseline data, please update: `npm i baseline-browser-mapping@latest -D`
 GET / 200 in 2.0s (compile: 1854ms, render: 187ms)
 GET /images/jellyfish.png 404 in 422ms (compile: 370ms, render: 52ms)
 ✓ Compiled in 174ms
 ✓ Compiled in 135ms
 ✓ Compiled in 106ms
 ✓ Compiled in 47ms
 ✓ Compiled in 14ms
 ✓ Compiled in 7ms
 ✓ Compiled in 19ms
 ✓ Compiled in 42ms
 ✓ Compiled in 58ms
 ✓ Compiled in 152ms
 GET / 200 in 326ms (compile: 121ms, render: 206ms)
 GET /images/jellyfish.png 404 in 66ms (compile: 22ms, render: 45ms)
 ✓ Compiled in 26ms
 ✓ Compiled in 111ms
 ✓ Compiled in 107ms
 ✓ Compiled in 8ms
 ✓ Compiled in 27ms
 ✓ Compiled in 43ms
 GET / 200 in 304ms (compile: 86ms, render: 218ms)
 GET /images/jellyfish.png 404 in 68ms (compile: 26ms, render: 42ms)
 GET / 200 in 211ms (compile: 52ms, render: 159ms)
 GET /images/jellyfish.png 404 in 54ms (compile: 19ms, render: 35ms)
 ✓ Compiled in 168ms
 ✓ Compiled in 133ms
 ✓ Compiled in 6ms
 GET /images/jellyfish.png 404 in 154ms (compile: 42ms, render: 113ms)
 GET /images/jellyfish.png 404 in 48ms (compile: 6ms, render: 41ms)
 GET /images/jellyfish.png 404 in 73ms (compile: 11ms, render: 63ms)
 ✓ Compiled in 12ms
 ✓ Compiled in 4ms
 ✓ Compiled in 33ms
 ✓ Compiled in 240ms
 GET / 200 in 261ms (compile: 80ms, render: 181ms)
 GET /images/jellyfish.png 404 in 51ms (compile: 21ms, render: 31ms)
 ✓ Compiled in 143ms
 ✓ Compiled in 16ms
 ✓ Compiled in 309ms
 ✓ Compiled in 13ms
 GET / 200 in 575ms (compile: 158ms, render: 416ms)
 GET /images/jellyfish.png 404 in 100ms (compile: 43ms, render: 56ms)
 ✓ Compiled in 328ms
 ✓ Compiled in 79ms
 ✓ Compiled in 17ms
 ✓ Compiled in 29ms
 ✓ Compiled in 4ms
 GET / 200 in 282ms (compile: 98ms, render: 184ms)
 GET /images/jellyfish.png 404 in 103ms (compile: 67ms, render: 37ms)
 GET / 200 in 168ms (compile: 47ms, render: 121ms)
 GET /images/jellyfish.png 404 in 92ms (compile: 36ms, render: 57ms)
 ✓ Compiled in 86ms
 ✓ Compiled in 7ms
 ✓ Compiled in 46ms
 ✓ Compiled in 10ms
 ✓ Compiled in 210ms
 ✓ Compiled in 196ms
 GET / 200 in 294ms (compile: 120ms, render: 174ms)
 GET /images/jellyfish.png 404 in 104ms (compile: 41ms, render: 63ms)
 GET / 200 in 451ms (compile: 186ms, render: 265ms)
 GET /images/jellyfish.png 404 in 237ms (compile: 155ms, render: 81ms)
 GET /docs/register 404 in 584ms (compile: 280ms, render: 304ms)
 GET /docs 404 in 251ms (compile: 124ms, render: 127ms)
 GET /docs/register 404 in 197ms (compile: 116ms, render: 82ms)
 GET /docs/register 404 in 434ms (compile: 208ms, render: 226ms)
 GET / 200 in 238ms (compile: 114ms, render: 124ms)
 GET /images/jellyfish.png 404 in 168ms (compile: 113ms, render: 55ms)
